// Jest Snapshot v1, https://goo.gl/fbAQLP

exports[`BackendStatus should match snapshot 1`] = `<Connect(t) />`;
