// Jest Snapshot v1, https://goo.gl/fbAQLP

exports[`Console should match snapshot 1`] = `<Connect(t) />`;
