// Jest Snapshot v1, https://goo.gl/fbAQLP

exports[`Editor should match snapshot 1`] = `<Connect(e) />`;
