// Jest Snapshot v1, https://goo.gl/fbAQLP

exports[`FeedbackMessage should match snapshot 1`] = `<Connect(Component) />`;
