// Jest Snapshot v1, https://goo.gl/fbAQLP

exports[`GlobalAlerts should match snapshot 1`] = `<Connect(AlertList) />`;
