// Jest Snapshot v1, https://goo.gl/fbAQLP

exports[`Plot should match snapshot 1`] = `<Connect(t) />`;
