// Jest Snapshot v1, https://goo.gl/fbAQLP

exports[`RestartSessionButton should match snapshot 1`] = `<Connect(RestartSessionButton) />`;
