// Jest Snapshot v1, https://goo.gl/fbAQLP

exports[`SolutionEditor should match snapshot 1`] = `<Connect(e) />`;
