// Jest Snapshot v1, https://goo.gl/fbAQLP

exports[`Enzyme should create and match snapshot 1`] = `<div />`;
