// Jest Snapshot v1, https://goo.gl/fbAQLP

exports[`AlertList should match snapshot 1`] = `<div />`;
