// Jest Snapshot v1, https://goo.gl/fbAQLP

exports[`Placeholder should match snapshot 1`] = `
<div
  className="placeholder"
>
  <test-file-stub />
</div>
`;
